###############################################################################
#
# IAR ELF Linker V8.40.1.212/W32 for ARM                  12/Oct/2019  21:44:07
# Copyright 2007-2019 IAR Systems AB.
#
#    Output file  =  G:\gg Ч копи€\Debug\Exe\28sept.out
#    Map file     =  G:\gg Ч копи€\Debug\List\28sept.map
#    Command line =
#        -f C:\Users\User\AppData\Local\Temp\EW38F2.tmp ("G:\gg Ч
#        копи€\Debug\Obj\main.o" "G:\gg Ч
#        копи€\Debug\Obj\startup.o" --no_out_extension -o "G:\gg Ч
#        копи€\Debug\Exe\28sept.out" --redirect _Printf=_PrintfFullNoMb
#        --redirect _Scanf=_ScanfFullNoMb --map "G:\gg Ч
#        копи€\Debug\List\28sept.map" --config "G:\gg Ч
#        копи€\28sept.icf" --semihosting --entry __iar_program_start
#        --no_exceptions --vfe --enable_stack_usage --text_out locale)
#
###############################################################################

*******************************************************************************
*** MESSAGES
***

Warning[Ls015]: [stack usage analysis] at least one function appears to be
          uncalled. Example: "InterruptHandler::DummyHandler()". A complete
          list of uncalled functions is in the map file.


*******************************************************************************
*** RUNTIME MODEL ATTRIBUTES
***

CppFlavor        = *
__CPP_Exceptions = Disabled
__CPP_Language   = C++14
__SystemLibrary  = DLib
__dlib_version   = 6


*******************************************************************************
*** HEAP SELECTION
***

The basic heap was selected because no calls to memory allocation
functions were found in the application outside of system library
functions, and there are calls to deallocation functions in the
application.


*******************************************************************************
*** PLACEMENT SUMMARY
***

"A0":  place at address 0x800'0000 { ro section .intvec };
"P1":  place in [from 0x800'0000 to 0x807'ffff] { ro };
define block CSTACK with size = 2, alignment = 8 { };
define block HEAP with size = 0, alignment = 8 { };
"P2":  place in [from 0x2000'0000 to 0x2001'ffff] {
          rw, block CSTACK, block HEAP };

No sections matched the following patterns:

  rw  in "P2"


  Section   Kind         Address  Size  Object
  -------   ----         -------  ----  ------
"A0":                             0xbc
  .intvec   const     0x800'0000  0xbc  startup.o [1]
                    - 0x800'00bc  0xbc

"P1":                             0xdd
  .text     ro code   0x800'00bc  0x22  fpinit_M.o [3]
  .text     ro code   0x800'00de   0x2  startup.o [1]
  .text     ro code   0x800'00e0  0x1e  cmain.o [4]
  .text     ro code   0x800'00fe   0x4  low_level_init.o [2]
  .text     ro code   0x800'0102  0x16  main.o [1]
  .text     ro code   0x800'0118   0x4  exit.o [2]
  .text     ro code   0x800'011c  0x14  main.o [1]
  .text     ro code   0x800'0130  0x14  main.o [1]
  .text     ro code   0x800'0144  0x14  main.o [1]
  .text     ro code   0x800'0158  0x10  main.o [1]
  .text     ro code   0x800'0168   0xa  cexit.o [4]
  .text     ro code   0x800'0172   0x2  startup.o [1]
  .text     ro code   0x800'0174  0x14  exit.o [5]
  .text     ro code   0x800'0188  0x10  startup.o [1]
  .rodata   const     0x800'0198   0x1  unwind_debug.o [5]
                    - 0x800'0199  0xdd

"P2":                              0x2
  CSTACK             0x2000'0000   0x2  <Block>
    CSTACK  uninit   0x2000'0000   0x2  <Block tail>
                   - 0x2000'0002   0x2

Unused ranges:

         From           To      Size
         ----           --      ----
   0x800'0199   0x807'ffff  0x7'fe67
  0x2000'0002  0x2001'ffff  0x1'fffe


*******************************************************************************
*** STACK USAGE
***

  Call Graph Root Category  Max Use  Total Use
  ------------------------  -------  ---------
  Program entry                 16         16
  Uncalled function              0          0


Program entry
  "__iar_program_start": 0x800'0189

  Maximum call chain                               16  bytes

    "__iar_program_start"                           8
    "__cmain"                                       0
    "main"                                          8
    "void FieldValueBase<RCC_AHBENR_GPIOAEN_Values<RCC::AHB1ENR, (unsigned int)0, (unsigned int)1, ReadWriteMode, RCC::RCCAHB1ENRBase>, RCC::RCCAHB1ENRBase, (unsigned int)1>::Set<ReadWriteMode, void>()"
                                                    0

Uncalled function
  "InterruptHandler::DummyHandler()": 0x800'00df

  Maximum call chain                                0  bytes

    "InterruptHandler::DummyHandler()"              0

Uncalled function
  "InterruptHandler::Timer2Handler()": 0x800'0173

  Maximum call chain                                0  bytes

    "InterruptHandler::Timer2Handler()"             0


*******************************************************************************
*** MODULE SUMMARY
***

    Module            ro code  ro data  rw data
    ------            -------  -------  -------
command line/config:
    -------------------------------------------
    Total:

G:\gg Ч копи€\Debug\Obj: [1]
    main.o                 98
    startup.o              20      188
    -------------------------------------------
    Total:                118      188

dl7M_tln.a: [2]
    exit.o                  4
    low_level_init.o        4
    -------------------------------------------
    Total:                  8

m7M_tls.a: [3]
    fpinit_M.o             34
    -------------------------------------------
    Total:                 34

rt7M_tl.a: [4]
    cexit.o                10
    cmain.o                30
    -------------------------------------------
    Total:                 40

shb_l.a: [5]
    exit.o                 20
    unwind_debug.o                   1
    -------------------------------------------
    Total:                 20        1

    Linker created                            2
-----------------------------------------------
    Grand Total:          220      189        2


*******************************************************************************
*** ENTRY LIST
***

Entry                       Address  Size  Type      Object
-----                       -------  ----  ----      ------
?main                    0x800'00e1        Code  Gb  cmain.o [4]
CSTACK$$Base            0x2000'0000         --   Gb  - Linker created -
CSTACK$$Limit           0x2000'0002         --   Gb  - Linker created -
InterruptHandler::DummyHandler()
                         0x800'00df   0x2  Code  Gb  startup.o [1]
InterruptHandler::Timer2Handler()
                         0x800'0173   0x2  Code  Gb  startup.o [1]
Region$$Table$$Base             0x0         --   Gb  - Linker created -
Region$$Table$$Limit            0x0         --   Gb  - Linker created -
__cmain                  0x800'00e1        Code  Gb  cmain.o [4]
__exit                   0x800'0175  0x14  Code  Gb  exit.o [5]
__iar_debug_exceptions   0x800'0198   0x1  Data  Gb  unwind_debug.o [5]
__iar_init_vfp           0x800'00bd        Code  Gb  fpinit_M.o [3]
__iar_program_start      0x800'0189  0x10  Code  Gb  startup.o [1]
__low_level_init         0x800'00ff   0x4  Code  Gb  low_level_init.o [2]
__vector_table           0x800'0000  0xbc  Data  Lc  startup.o [1]
_call_main               0x800'00ed        Code  Gb  cmain.o [4]
_exit                    0x800'0169        Code  Gb  cexit.o [4]
_main                    0x800'00fb        Code  Gb  cmain.o [4]
exit                     0x800'0119   0x4  Code  Gb  exit.o [2]
main                     0x800'0103  0x16  Code  Gb  main.o [1]
void FieldValueBase<GPIOA_MODER_MODER_Values<GPIOA::MODER, (unsigned int)10, (unsigned int)2, ReadWriteMode, GPIOA::GPIOAMODERBase>, GPIOA::GPIOAMODERBase, (unsigned int)1>::Set<ReadWriteMode, void>()
                         0x800'0131  0x14  Code  Gb  main.o [1]
void FieldValueBase<GPIOA_ODR_ODR_Values<GPIOA::ODR, (unsigned int)5, (unsigned int)1, ReadWriteMode, GPIOA::GPIOAODRBase>, GPIOA::GPIOAODRBase, (unsigned int)0>::Set<ReadWriteMode, void>()
                         0x800'0159  0x10  Code  Gb  main.o [1]
void FieldValueBase<GPIOA_ODR_ODR_Values<GPIOA::ODR, (unsigned int)5, (unsigned int)1, ReadWriteMode, GPIOA::GPIOAODRBase>, GPIOA::GPIOAODRBase, (unsigned int)1>::Set<ReadWriteMode, void>()
                         0x800'0145  0x14  Code  Gb  main.o [1]
void FieldValueBase<RCC_AHBENR_GPIOAEN_Values<RCC::AHB1ENR, (unsigned int)0, (unsigned int)1, ReadWriteMode, RCC::RCCAHB1ENRBase>, RCC::RCCAHB1ENRBase, (unsigned int)1>::Set<ReadWriteMode, void>()
                         0x800'011d  0x14  Code  Gb  main.o [1]


[1] = G:\gg Ч копи€\Debug\Obj
[2] = dl7M_tln.a
[3] = m7M_tls.a
[4] = rt7M_tl.a
[5] = shb_l.a

  220 bytes of readonly  code memory
  189 bytes of readonly  data memory
    2 bytes of readwrite data memory

Errors: none
Warnings: 1
