###############################################################################
#
# IAR ELF Linker V8.20.2.14835/W32 for ARM                14/Sep/2019  10:33:05
# Copyright 2007-2017 IAR Systems AB.
#
#    Output file  =  C:\Users\Студент-09\Desktop\gg\Debug\Exe\gg.out
#    Map file     =  C:\Users\Студент-09\Desktop\gg\Debug\List\gg.map
#    Command line =  
#        -f C:\Users\-09~1\AppData\Local\Temp\EWE1A7.tmp
#        (C:\Users\Студент-09\Desktop\gg\Debug\Obj\main.o -o
#        C:\Users\Студент-09\Desktop\gg\Debug\Exe\gg.out --redirect
#        _Printf=_PrintfFullNoMb --redirect _Scanf=_ScanfFullNoMb --map
#        C:\Users\Студент-09\Desktop\gg\Debug\List\gg.map --config
#        "C:\Program Files (x86)\IAR Systems\Embedded Workbench
#        8.0\arm\CONFIG\generic_cortex.icf" --semihosting --entry
#        __iar_program_start --vfe --text_out locale)
#
###############################################################################

*******************************************************************************
*** RUNTIME MODEL ATTRIBUTES
***

CppFlavor        = *
__CPP_Exceptions = Disabled
__CPP_Language   = C++14
__Heap_Handler   = Basic
__SystemLibrary  = DLib
__dlib_version   = 6


*******************************************************************************
*** HEAP SELECTION
***

The basic heap was selected because no calls to memory allocation
functions were found in the application outside of system library
functions, and there are calls to deallocation functions in the
application.


*******************************************************************************
*** PLACEMENT SUMMARY
***

"A0":  place at 0x00000000 { ro section .intvec };
"P1":  place in [from 0x00000000 to 0x0007ffff] { ro };
define block CSTACK with size = 1K, alignment = 8 { };
define block PROC_STACK with size = 0M, alignment = 8 { };
define block HEAP with size = 2K, alignment = 8 { };
"P2":  place in [from 0x20000000 to 0x2000ffff] {
          rw, block CSTACK, block PROC_STACK, block HEAP };
initialize by copy { rw };

  Section            Kind        Address    Size  Object
  -------            ----        -------    ----  ------
"A0":                                       0x40
  .intvec            ro code  0x00000000    0x40  vector_table_M.o [6]
                            - 0x00000040    0x40

"P1":                                     0x3dca
  .text              ro code  0x00000040   0xe1e  xprintffull_nomb.o [3]
  .text              ro code  0x00000e5e     0x2  vector_table_M.o [6]
  .text              ro code  0x00000e60    0x16  strchr.o [6]
  .rodata            const    0x00000e76     0x1  unwind_debug.o [7]
  .text              ro code  0x00000e78    0x44  xfail_s.o [3]
  .text              ro code  0x00000ebc    0x36  strlen.o [6]
  .text              ro code  0x00000ef4    0x58  memchr.o [6]
  .text              ro code  0x00000f4c   0x22e  I64DivMod.o [6]
  .text              ro code  0x0000117c   0x1a2  DblMul.o [5]
  .text              ro code  0x00001320    0x76  ABImemcpy_unaligned.o [6]
  .text              ro code  0x00001398    0x70  frexp.o [5]
  .text              ro code  0x00001408    0x2e  DblCmpLe.o [5]
  .text              ro code  0x00001438    0x2e  DblCmpGe.o [5]
  .text              ro code  0x00001468   0x13a  ldexp.o [5]
  .text              ro code  0x000015a4    0x3a  DblToS32.o [5]
  .text              ro code  0x000015e0    0x22  S32ToDbl.o [5]
  .text              ro code  0x00001604    0xe2  DblSub.o [5]
  .text              ro code  0x000016e8   0x246  DblDiv.o [5]
  .text              ro code  0x00001930    0x28  DblToU32.o [5]
  .text              ro code  0x00001958    0x1a  U32ToDbl.o [5]
  .text              ro code  0x00001972     0x6  abort.o [3]
  .text              ro code  0x00001978     0x2  I64DivZer.o [6]
  .text              ro code  0x0000197c   0x178  DblAdd.o [5]
  .text              ro code  0x00001af4    0x14  exit.o [7]
  .text              ro code  0x00001b08    0x7c  iarttio.o [7]
  .text              ro code  0x00001b84    0x3c  XShttio.o [3]
  .text              ro code  0x00001bc0   0xd7c  xscanffull_nomb.o [3]
  .text              ro code  0x0000293c    0x98  iar_Stollx.o [3]
  .text              ro code  0x000029d4   0x1b8  iar_Stoullx.o [3]
  .rodata            const    0x00002b8c    0x24  main.o [1]
  .text              ro code  0x00002bb0   0x468  strto64.o [5]
  .text              ro code  0x00003018    0x68  DblToFlt.o [5]
  .text              ro code  0x00003080   0x120  iar_Stopfx.o [3]
  .text              ro code  0x000031a0   0x1c8  iar_Stoflt.o [3]
  .text              ro code  0x00003368   0x214  iar_Stoxflt.o [3]
  .text              ro code  0x0000357c   0x170  main.o [1]
  .text              ro code  0x000036ec    0x28  printf.o [3]
  .text              ro code  0x00003714    0x24  scanf.o [3]
  .text              ro code  0x00003738    0xe2  FltAdd.o [5]
  .text              ro code  0x0000381c    0x24  FltCmpLe.o [5]
  .text              ro code  0x00003840    0xfc  FltDiv.o [5]
  .text              ro code  0x0000393c    0x80  FltSub.o [5]
  .text              ro code  0x000039bc    0xd8  FltMul.o [5]
  .text              ro code  0x00003a94    0x74  sqrtf.o [5]
  .text              ro code  0x00003b08    0x48  FltToDbl.o [5]
  .text              ro code  0x00003b50    0x38  getchar.o [3]
  .text              ro code  0x00003b88    0x30  read.o [7]
  .text              ro code  0x00003bb8    0x38  packbits_init_single.o [6]
  .text              ro code  0x00003bf0    0x28  data_init.o [6]
  .rodata            const    0x00003c18    0x24  main.o [1]
  .rodata            const    0x00003c3c    0x24  main.o [1]
  .text              ro code  0x00003c60    0x22  iarwrite.o [7]
  .iar.init_table    const    0x00003c84    0x10  - Linker created -
  .rodata            const    0x00003c94    0x20  main.o [1]
  .text              ro code  0x00003cb4    0x20  putchar.o [3]
  .text              ro code  0x00003cd4    0x10  write.o [7]
  .text              ro code  0x00003ce4    0x1e  dwrite.o [7]
  .text              ro code  0x00003d02    0x20  iarwstd.o [7]
  .text              ro code  0x00003d24    0x1e  cmain.o [6]
  .text              ro code  0x00003d42     0x4  low_level_init.o [3]
  .text              ro code  0x00003d46     0x4  exit.o [3]
  .text              ro code  0x00003d4c     0xa  cexit.o [6]
  .rodata            const    0x00003d58    0x18  main.o [1]
  .rodata            const    0x00003d70    0x18  main.o [1]
  .text              ro code  0x00003d88    0x16  xprout.o [3]
  .rodata            const    0x00003da0    0x14  main.o [1]
  .rodata            const    0x00003db4    0x14  main.o [1]
  .rodata            const    0x00003dc8    0x14  main.o [1]
  .rodata            const    0x00003ddc    0x10  main.o [1]
  .text              ro code  0x00003dec     0xe  xscin.o [3]
  .text              ro code  0x00003dfa     0xc  cstartup_M.o [6]
  .rodata            const    0x00003e06     0x0  packbits_init_single.o [6]
  Initializer bytes  const    0x00003e06     0x4  <for P2-1>
                            - 0x00003e0a  0x3dca

"P2", part 1 of 2:                          0x11
  P2-1                        0x20000000    0x11  <Init block>
    .data            inited   0x20000000     0x4  getchar.o [3]
    .data            inited   0x20000004     0x8  XShttio.o [3]
    .bss             inited   0x2000000c     0x4  xfail_s.o [3]
    .bss             inited   0x20000010     0x1  XShttio.o [3]
                            - 0x20000011    0x11

"P2", part 2 of 2:                         0x400
  CSTACK                      0x20000018   0x400  <Block>
    CSTACK           uninit   0x20000018   0x400  <Block tail>
                            - 0x20000418   0x400


*******************************************************************************
*** INIT TABLE
***

          Address     Size
          -------     ----
Copy/packbits (__iar_packbits_init_single3)
    1 source range, total size 0x4 (23% of destination):
          0x00003e06   0x4
    1 destination range, total size 0x11:
          0x20000000  0x11



*******************************************************************************
*** MODULE SUMMARY
***

    Module                  ro code  ro data  rw data
    ------                  -------  -------  -------
C:\Users\Студент-09\Desktop\gg\Debug\Obj: [1]
    main.o                      368      264
    -------------------------------------------------
    Total:                      368      264

command line: [2]
    -------------------------------------------------
    Total:

dl7M_tln.a: [3]
    XShttio.o                    60        3        9
    abort.o                       6
    exit.o                        4
    getchar.o                    56                 4
    iar_Stoflt.o                456
    iar_Stollx.o                152
    iar_Stopfx.o                288
    iar_Stoullx.o               440
    iar_Stoxflt.o               532
    low_level_init.o              4
    printf.o                     40
    putchar.o                    32
    scanf.o                      36
    xfail_s.o                    68        1        4
    xprintffull_nomb.o        3 614
    xprout.o                     22
    xscanffull_nomb.o         3 452
    xscin.o                      14
    -------------------------------------------------
    Total:                    9 276        4       17

dlpp7M_tl_nc.a: [4]
    -------------------------------------------------
    Total:

m7M_tl.a: [5]
    DblAdd.o                    376
    DblCmpGe.o                   46
    DblCmpLe.o                   46
    DblDiv.o                    582
    DblMul.o                    418
    DblSub.o                    226
    DblToFlt.o                  104
    DblToS32.o                   58
    DblToU32.o                   40
    FltAdd.o                    226
    FltCmpLe.o                   36
    FltDiv.o                    252
    FltMul.o                    216
    FltSub.o                    128
    FltToDbl.o                   72
    S32ToDbl.o                   34
    U32ToDbl.o                   26
    frexp.o                     112
    ldexp.o                     314
    sqrtf.o                     116
    strto64.o                 1 128
    -------------------------------------------------
    Total:                    4 556

rt7M_tl.a: [6]
    ABImemcpy_unaligned.o       118
    I64DivMod.o                 558
    I64DivZer.o                   2
    cexit.o                      10
    cmain.o                      30
    cstartup_M.o                 12
    data_init.o                  40
    memchr.o                     88
    packbits_init_single.o       56
    strchr.o                     22
    strlen.o                     54
    vector_table_M.o             66
    -------------------------------------------------
    Total:                    1 056

shb_l.a: [7]
    dwrite.o                     30
    exit.o                       20
    iarttio.o                   124
    iarwrite.o                   34
    iarwstd.o                    32
    read.o                       48
    unwind_debug.o                         1
    write.o                      16
    -------------------------------------------------
    Total:                      304        1

    Gaps                         31        6
    Linker created                        16    1 024
-----------------------------------------------------
    Grand Total:             15 591      291    1 041


*******************************************************************************
*** ENTRY LIST
***

Entry                      Address   Size  Type      Object
-----                      -------   ----  ----      ------
.iar.init_table$$Base   0x00003c84          --   Gb  - Linker created -
.iar.init_table$$Limit  0x00003c94          --   Gb  - Linker created -
?main                   0x00003d25         Code  Gb  cmain.o [6]
CSTACK$$Base            0x20000018          --   Gb  - Linker created -
CSTACK$$Limit           0x20000418          --   Gb  - Linker created -
Dtentox                 0x00002cbd  0x190  Code  Lc  strto64.o [5]
LoadInt                 0x000001f3   0x7a  Code  Lc  xprintffull_nomb.o [3]
Region$$Table$$Base     0x00003c84          --   Gb  - Linker created -
Region$$Table$$Limit    0x00003c94          --   Gb  - Linker created -
_GenldFullNoMb          0x00000b5f  0x274  Code  Lc  xprintffull_nomb.o [3]
_GetN                   0x00001bc1   0x22  Code  Lc  xscanffull_nomb.o [3]
_GetfldFullNoMb         0x00001dcd  0x12a  Code  Lc  xscanffull_nomb.o [3]
_GetfloatFullNoMb       0x00002305  0x580  Code  Lc  xscanffull_nomb.o [3]
_GetintFullNoMb         0x000020db  0x224  Code  Lc  xscanffull_nomb.o [3]
_GetstrFullNoMb         0x00001f39  0x19c  Code  Lc  xscanffull_nomb.o [3]
_LdtobFullNoMb          0x00000735  0x3fe  Code  Lc  xprintffull_nomb.o [3]
_LitobFullNoMb          0x000005dd  0x112  Code  Lc  xprintffull_nomb.o [3]
_PrintfFullNoMb         0x00000041  0x1a4  Code  Gb  xprintffull_nomb.o [3]
_Prout                  0x00003d89   0x16  Code  Gb  xprout.o [3]
_PutcharsFullNoMb       0x00000dd3   0x2e  Code  Lc  xprintffull_nomb.o [3]
_PutfldFullNoMb         0x0000026d  0x264  Code  Lc  xprintffull_nomb.o [3]
_PuttxtFullNoMb         0x000004d1  0x10c  Code  Lc  xprintffull_nomb.o [3]
_ScanfFullNoMb          0x00001bfd  0x1be  Code  Gb  xscanffull_nomb.o [3]
_Scin                   0x00003ded    0xe  Code  Gb  xscin.o [3]
_UngetChar              0x20000000    0x4  Data  Lc  getchar.o [3]
_UngetN                 0x00001be3   0x1a  Code  Lc  xscanffull_nomb.o [3]
__aeabi_cdcmple         0x00001409         Code  Gb  DblCmpLe.o [5]
__aeabi_cdrcmple        0x00001439         Code  Gb  DblCmpGe.o [5]
__aeabi_cfcmple         0x0000381d         Code  Gb  FltCmpLe.o [5]
__aeabi_d2f             0x00003019         Code  Gb  DblToFlt.o [5]
__aeabi_d2iz            0x000015a5         Code  Gb  DblToS32.o [5]
__aeabi_d2uiz           0x00001931         Code  Gb  DblToU32.o [5]
__aeabi_dadd            0x0000197d         Code  Gb  DblAdd.o [5]
__aeabi_ddiv            0x000016e9         Code  Gb  DblDiv.o [5]
__aeabi_dmul            0x0000117d         Code  Gb  DblMul.o [5]
__aeabi_dsub            0x00001605         Code  Gb  DblSub.o [5]
__aeabi_f2d             0x00003b09         Code  Gb  FltToDbl.o [5]
__aeabi_fadd            0x00003739         Code  Gb  FltAdd.o [5]
__aeabi_fdiv            0x00003841         Code  Gb  FltDiv.o [5]
__aeabi_fmul            0x000039bd         Code  Gb  FltMul.o [5]
__aeabi_fsub            0x0000393d         Code  Gb  FltSub.o [5]
__aeabi_i2d             0x000015e1         Code  Gb  S32ToDbl.o [5]
__aeabi_ldiv0           0x00001979         Code  Gb  I64DivZer.o [6]
__aeabi_ui2d            0x00001959         Code  Gb  U32ToDbl.o [5]
__aeabi_uldivmod        0x00000f4d         Code  Gb  I64DivMod.o [6]
__cmain                 0x00003d25         Code  Gb  cmain.o [6]
__dwrite                0x00003ce5   0x1e  Code  Gb  dwrite.o [7]
__exit                  0x00001af5   0x14  Code  Gb  exit.o [7]
__iar_Fail_s            0x00000e79   0x1e  Code  Gb  xfail_s.o [3]
__iar_Memchr            0x00000ef5         Code  Gb  memchr.o [6]
__iar_Sto64             0x00002e4d  0x154  Code  Gb  strto64.o [5]
__iar_Stoflt            0x000031a1  0x1c8  Code  Gb  iar_Stoflt.o [3]
__iar_Stollx            0x0000293d   0x92  Code  Gb  iar_Stollx.o [3]
__iar_Stopfx            0x00003081  0x120  Code  Gb  iar_Stopfx.o [3]
__iar_Stoullx           0x000029d5  0x15a  Code  Gb  iar_Stoullx.o [3]
__iar_Stoxflt           0x00003369  0x1de  Code  Gb  iar_Stoxflt.o [3]
__iar_Stoxflt::digits   0x0000354c   0x18  Data  Lc  iar_Stoxflt.o [3]
__iar_Stoxflt::vals     0x00003564   0x18  Data  Lc  iar_Stoxflt.o [3]
__iar_Strchr            0x00000e61         Code  Gb  strchr.o [6]
__iar_close_ttio        0x00001b09   0x2c  Code  Gb  iarttio.o [7]
__iar_dadd              0x00001615         Code  Gb  DblSub.o [5]
__iar_data_init3        0x00003bf1   0x28  Code  Gb  data_init.o [6]
__iar_debug_exceptions  0x00000e76    0x1  Data  Gb  unwind_debug.o [7]
__iar_dsub              0x0000198d         Code  Gb  DblAdd.o [5]
__iar_dsubStart         0x0000199f         Code  Gb  DblAdd.o [5]
__iar_fadd              0x00003949         Code  Gb  FltSub.o [5]
__iar_frexp             0x000013a5         Code  Gb  frexp.o [5]
__iar_frexp64           0x00001399         Code  Gb  frexp.o [5]
__iar_frexpl            0x000013a5         Code  Gb  frexp.o [5]
__iar_fsub              0x00003745         Code  Gb  FltAdd.o [5]
__iar_fsubStart         0x00003755         Code  Gb  FltAdd.o [5]
__iar_get_ttio          0x00001b35   0x4c  Code  Gb  iarttio.o [7]
__iar_ldexp64           0x00001469         Code  Gb  ldexp.o [5]
__iar_lookup_ttioh      0x00001bb3    0x4  Code  Gb  XShttio.o [3]
__iar_packbits_init_single3
                        0x00003bb9   0x38  Code  Gb  packbits_init_single.o [6]
__iar_program_start     0x00003dfb         Code  Gb  cstartup_M.o [6]
__iar_scalbln64         0x00001469         Code  Gb  ldexp.o [5]
__iar_scalbn64          0x00001469         Code  Gb  ldexp.o [5]
__iar_sh_stdout         0x00003d03   0x20  Code  Gb  iarwstd.o [7]
__iar_sh_write          0x00003c61   0x22  Code  Gb  iarwrite.o [7]
__iar_sqrt32            0x00003a95         Code  Gb  sqrtf.o [5]
__iar_systems$$module {Abs}
                        0x00000001         Data  Gb  command line/config [2]
__iar_ttio_guard_lock   0x00001b85   0x1e  Code  Gb  XShttio.o [3]
__iar_ttio_guard_unlock
                        0x00001ba3   0x10  Code  Gb  XShttio.o [3]
__iar_ttio_handles      0x20000004    0x8  Data  Lc  XShttio.o [3]
__iar_unaligned_memcpy  0x00001321         Code  Gb  ABImemcpy_unaligned.o [6]
__iar_unaligned_memcpy4
                        0x00001341         Code  Gb  ABImemcpy_unaligned.o [6]
__iar_unaligned_memcpy8
                        0x00001341         Code  Gb  ABImemcpy_unaligned.o [6]
__low_level_init        0x00003d43    0x4  Code  Gb  low_level_init.o [3]
__read                  0x00003b89   0x30  Code  Gb  read.o [7]
__ungetchar             0x00003b7f    0x6  Code  Gb  getchar.o [3]
__vector_table          0x00000000         Data  Gb  vector_table_M.o [6]
__write                 0x00003cd5   0x10  Code  Gb  write.o [7]
_call_main              0x00003d31         Code  Gb  cmain.o [6]
_exit                   0x00003d4d         Code  Gb  cexit.o [6]
_main                   0x00003d3f         Code  Gb  cmain.o [6]
abort                   0x00001973    0x6  Code  Gb  abort.o [3]
ddiv                    0x00002c2b   0x7a  Code  Lc  strto64.o [5]
digits                  0x00002b3c   0x28  Data  Lc  iar_Stoullx.o [3]
dmul                    0x00002bb1   0x7a  Code  Lc  strto64.o [5]
exit                    0x00003d47    0x4  Code  Gb  exit.o [3]
frexp                   0x00001399         Code  Gb  frexp.o [5]
frexpl                  0x00001399         Code  Gb  frexp.o [5]
getchar                 0x00003b51   0x2e  Code  Gb  getchar.o [3]
ldexp                   0x00001469         Code  Gb  ldexp.o [5]
ldexpl                  0x00001469         Code  Gb  ldexp.o [5]
main                    0x0000357d  0x170  Code  Gb  main.o [1]
memchr                  0x00000ef5         Code  Gb  memchr.o [6]
ndigs                   0x00002b64   0x28  Data  Lc  iar_Stoullx.o [3]
pows                    0x00002fd0   0x48  Data  Lc  strto64.o [5]
printf                  0x000036ed   0x28  Code  Gb  printf.o [3]
putchar                 0x00003cb5   0x20  Code  Gb  putchar.o [3]
ranmatch                0x00001ef7   0x42  Code  Lc  xscanffull_nomb.o [3]
scalbln                 0x00001469         Code  Gb  ldexp.o [5]
scalblnl                0x00001469         Code  Gb  ldexp.o [5]
scalbn                  0x00001469         Code  Gb  ldexp.o [5]
scalbnl                 0x00001469         Code  Gb  ldexp.o [5]
scale                   0x000006ef   0x46  Code  Lc  xprintffull_nomb.o [3]
scanf                   0x00003715   0x24  Code  Gb  scanf.o [3]
sec_hand                0x2000000c    0x4  Data  Lc  xfail_s.o [3]
sqrtf                   0x00003a95         Code  Gb  sqrtf.o [5]
strchr                  0x00000e61         Code  Gb  strchr.o [6]
strlen                  0x00000ebd         Code  Gb  strlen.o [6]
strtoll                 0x000029cf    0x2  Code  Gb  iar_Stollx.o [3]
strtoull                0x00002b35    0x2  Code  Gb  iar_Stoullx.o [3]
ttio_guard              0x20000010    0x1  Data  Lc  XShttio.o [3]


[1] = C:\Users\Студент-09\Desktop\gg\Debug\Obj
[2] = command line
[3] = dl7M_tln.a
[4] = dlpp7M_tl_nc.a
[5] = m7M_tl.a
[6] = rt7M_tl.a
[7] = shb_l.a

  15 591 bytes of readonly  code memory
     291 bytes of readonly  data memory
   1 041 bytes of readwrite data memory

Errors: none
Warnings: none
